// Jest Snapshot v1, https://goo.gl/fbAQLP

exports[`RyhmanMuokkaus Rendering Renders without crashing 1`] = `<Component />`;
