// Jest Snapshot v1, https://goo.gl/fbAQLP

exports[`Spinner Renders without crashing 1`] = `<div />`;
