// Jest Snapshot v1, https://goo.gl/fbAQLP

exports[`Ryhmat Rendering Renders without crashing 1`] = `<Component />`;
